// Jest Snapshot v1, https://goo.gl/fbAQLP

exports[`Movie filters should render movie filters component 1`] = `
<nav
  className="flex flex-row overflow-auto"
>
  <span
    className="text-white p-1 md:p-5 cursor-pointer hover:text-primary focus:outline-none uppercase font-medium border-b-2 text-white"
    onClick={[Function]}
  >
    All
  </span>
  <span
    className="text-white p-1 md:p-5 cursor-pointer hover:text-primary focus:outline-none uppercase font-medium border-b-2 text-white"
    onClick={[Function]}
  >
    Documentary
  </span>
  <span
    className="text-white p-1 md:p-5 cursor-pointer hover:text-primary focus:outline-none uppercase font-medium border-b-2 text-white"
    onClick={[Function]}
  >
    Comedy
  </span>
  <span
    className="text-white p-1 md:p-5 cursor-pointer hover:text-primary focus:outline-none uppercase font-medium border-b-2 text-white"
    onClick={[Function]}
  >
    Horror
  </span>
  <span
    className="text-white p-1 md:p-5 cursor-pointer hover:text-primary focus:outline-none uppercase font-medium border-b-2 text-white"
    onClick={[Function]}
  >
    Crime
  </span>
  <span
    className="cursor-default mx-auto w-full border-b-2"
  />
  <span
    className="text-white p-1 md:p-5 uppercase font-normal border-b-2 text-opacity-50 whitespace-nowrap"
  >
    Sort by
  </span>
  <div
    className="relative"
  >
    <select
      className="appearance-none w-auto bg-transparent text-white p-1 md:p-5 pr-4 border-b-2 font-medium
          focus:outline-none truncate cursor-pointer"
      defaultValue="genres"
      onChange={[Function]}
    >
      <option
        value="genres"
      >
        Genres
      </option>
      <option
        value="vote_average"
      >
        Rating
      </option>
      <option
        value="release_date"
      >
        Release date
      </option>
    </select>
    <div
      className="pointer-events-none absolute inset-y-0 -right-2 flex items-center px-2 text-gray-700"
    >
      <test-file-stub
        className="fill-current h-3 w-3"
      />
    </div>
  </div>
</nav>
`;
