// Jest Snapshot v1, https://goo.gl/fbAQLP

exports[`Movie details header component should render movie details header component 1`] = `
<header
  className="flex-col bg-content py-2 md:py-5 px-4 md:px-16 text-white  "
>
  <div
    className="flex w-full justify-between items-center"
  >
    <span
      className="font-light text-primary"
    >
      netflixroulette
    </span>
    <span
      className="ml-auto"
    >
      <test-file-stub
        className="cursor-pointer"
        data-testid={12}
        onClick={[MockFunction]}
      />
    </span>
  </div>
  <div
    className="flex flex-col md:flex-row md:justify-center pt-6"
  >
    <div
      className="flex w-full md:w-1/3 justify-center items-center h-auto"
    >
      <img
        alt="The Avengers 2"
        height={200}
        onError={[Function]}
        src="https://image.tmdb.org/t/p/w500/cezWGskPY5x7GaglTTRN4Fugfb8.jpg"
        width={400}
      />
    </div>
    <div
      className="w-full md:w-2/3 px-8"
    >
      <p
        className="flex font-light justify-center md:justify-start pt-3 md:pt-0"
      >
        <span
          className="flex justify-center items-center text-4xl"
        >
          The Avengers 2
        </span>
        <span
          className="flex ml-8 items-center justify-center p-3 h-14 w-14 rounded-full border-2 border-white
              text-2xl"
        >
          7.5
        </span>
      </p>
      <p
        className="flex text-white text-opacity-50 justify-center md:justify-start pt-3 md:pt-0"
      >
        Science Fiction, Action, Adventure
      </p>
      <p
        className="flex py-8 text-primary font-light justify-center md:justify-start text-2xl"
      >
        <span
          className="mr-8"
        >
          2012
        </span>
        <span>
          2h 23min
        </span>
      </p>
      <p
        className="text-white text-opacity-50"
      >
        Lorem Ipsum is simply dummy text of the printing and typesetting industry.
      </p>
    </div>
  </div>
</header>
`;
